[norebro.clbthemes.com/demo14/index.html]
[backblue.gif]
[fade.gif]
[index.html]
[norebro.clbthemes.com/demo14/comments/feed/index.html]
[norebro.clbthemes.com/demo14/feed/index.html]
[norebro.clbthemes.com/demo14/wp-includes/js/jquery/jquery4a5f.js]
[norebro.clbthemes.com/demo14/wp-includes/js/jquery/jquery-migrate.min330a.js]
[norebro.clbthemes.com/demo14/xmlrpc0db0.php]
[norebro.clbthemes.com/demo14/wp-includes/wlwmanifest.xml]
[norebro.clbthemes.com/demo14/wp-json/index.html]
[norebro.clbthemes.com/demo14/wp-json/oembed/1.0/embede330.json]
[norebro.clbthemes.com/demo14/wp-json/oembed/1.0/embed62fc]
[norebro.clbthemes.com/demo14/barbers/index.html]
[norebro.clbthemes.com/demo14/contact/index.html]
[norebro.clbthemes.com/demo14/category/business/index.html]
[norebro.clbthemes.com/demo14/2017/09/27/misses-about-bette-davis-joan-crawford/index.html]
[norebro.clbthemes.com/demo14/wp-content/plugins/contact-form-7/includes/js/scripts6725.js]
[norebro.clbthemes.com/demo14/2017/09/27/new-art-venue-opens-in-downtown-cf/index.html]
[norebro.clbthemes.com/demo14/2017/09/27/norebro-is-a-creative-wordpress-theme/index.html]
[norebro.clbthemes.com/demo14/wp-content/themes/norebro/assets/js/woocommerce-hack9dff.js]
[norebro.clbthemes.com/demo14/wp-includes/js/wp-embed.min9dff.js]
[norebro.clbthemes.com/demo14/wp-content/plugins/js_composer/assets/js/dist/js_composer_front.min9b2d.js]
[norebro.clbthemes.com/demo14/wp-includes/js/imagesloaded.min55a0.js]
[norebro.clbthemes.com/demo14/wp-includes/js/masonry.mind617.js]
[norebro.clbthemes.com/demo14/wp-includes/js/jquery/jquery.masonry.minef70.js]
[norebro.clbthemes.com/demo14/wp-includes/js/underscore.min4511.js]
[norebro.clbthemes.com/demo14/wp-content/themes/norebro/assets/js/libs/aos9dff.js]
[norebro.clbthemes.com/demo14/wp-content/plugins/js_composer/assets/lib/bower/isotope/dist/isotope.pkgd.min9b2d.js]
[norebro.clbthemes.com/demo14/wp-content/themes/norebro/assets/js/libs/jquery.mega-menu.min9dff.js]
[norebro.clbthemes.com/demo14/wp-content/themes/norebro/assets/js/navigation8a54.js]
[norebro.clbthemes.com/demo14/wp-content/themes/norebro/assets/js/skip-link-focus-fix8a54.js]
[norebro.clbthemes.com/demo14/wp-content/themes/norebro/assets/js/libs/owl.carousel.min9dff.js]
[norebro.clbthemes.com/demo14/wp-content/themes/norebro/assets/js/libs/jquery.google-maps.min8a54.js]
[norebro.clbthemes.com/demo14/wp-content/themes/norebro/assets/js/main9dff.js]
[norebro.clbthemes.com/demo14/index.html]
[norebro.clbthemes.com/demo14/xmlrpc.php]
[norebro.clbthemes.com/demo14/wp-includes/css/dist/block-library/style.min9dff.css]
[norebro.clbthemes.com/demo14/wp-includes/css/dist/block-library/theme.min9dff.css]
[norebro.clbthemes.com/demo14/wp-content/plugins/contact-form-7/images/ajax-loader.gif]
[norebro.clbthemes.com/demo14/wp-content/plugins/contact-form-7/includes/css/styles6725.css]
[norebro.clbthemes.com/demo14/wp-content/themes/norebro/assets/images/form_load.png]
[norebro.clbthemes.com/demo14/wp-content/themes/norebro/assets/images/portfolio-bg.png]
[norebro.clbthemes.com/demo14/wp-content/themes/norebro/assets/images/portfolio-9-bg.png]
[norebro.clbthemes.com/demo14/wp-content/themes/norebro/style7359.css]
[norebro.clbthemes.com/demo14/wp-content/themes/norebro/assets/css/grid.min9dff.css]
[norebro.clbthemes.com/demo14/wp-content/plugins/js_composer/assets/vc/alert.png]
[norebro.clbthemes.com/demo14/wp-content/plugins/js_composer/assets/vc/info.png]
[norebro.clbthemes.com/demo14/wp-content/plugins/js_composer/assets/vc/tick.png]
[norebro.clbthemes.com/demo14/wp-content/plugins/js_composer/assets/vc/exclamation.png]
[norebro.clbthemes.com/demo14/wp-content/plugins/js_composer/assets/images/icons/address-book.png]
[norebro.clbthemes.com/demo14/wp-content/plugins/js_composer/assets/images/icons/alarm-clock.png]
[norebro.clbthemes.com/demo14/wp-content/plugins/js_composer/assets/images/icons/anchor.png]
[norebro.clbthemes.com/demo14/wp-content/plugins/js_composer/assets/images/icons/application-image.png]
[norebro.clbthemes.com/demo14/wp-content/plugins/js_composer/assets/images/icons/arrow.png]
[norebro.clbthemes.com/demo14/wp-content/plugins/js_composer/assets/images/icons/asterisk.png]
[norebro.clbthemes.com/demo14/wp-content/plugins/js_composer/assets/images/icons/auction-hammer.png]
[norebro.clbthemes.com/demo14/wp-content/plugins/js_composer/assets/images/icons/balloon.png]
[norebro.clbthemes.com/demo14/wp-content/plugins/js_composer/assets/images/icons/balloon-buzz.png]
[norebro.clbthemes.com/demo14/wp-content/plugins/js_composer/assets/images/icons/balloon-facebook.png]
[norebro.clbthemes.com/demo14/wp-content/plugins/js_composer/assets/images/icons/balloon-twitter.png]
[norebro.clbthemes.com/demo14/wp-content/plugins/js_composer/assets/images/icons/battery-full.png]
[norebro.clbthemes.com/demo14/wp-content/plugins/js_composer/assets/images/icons/binocular.png]
[norebro.clbthemes.com/demo14/wp-content/plugins/js_composer/assets/images/icons/blue-document-excel.png]
[norebro.clbthemes.com/demo14/wp-content/plugins/js_composer/assets/images/icons/blue-document-image.png]
[norebro.clbthemes.com/demo14/wp-content/plugins/js_composer/assets/images/icons/blue-document-music.png]
[norebro.clbthemes.com/demo14/wp-content/plugins/js_composer/assets/images/icons/blue-document-office.png]
[norebro.clbthemes.com/demo14/wp-content/plugins/js_composer/assets/images/icons/blue-document-pdf.png]
[norebro.clbthemes.com/demo14/wp-content/plugins/js_composer/assets/images/icons/blue-document-powerpoint.png]
[norebro.clbthemes.com/demo14/wp-content/plugins/js_composer/assets/images/icons/blue-document-word.png]
[norebro.clbthemes.com/demo14/wp-content/plugins/js_composer/assets/images/icons/bookmark.png]
[norebro.clbthemes.com/demo14/wp-content/plugins/js_composer/assets/images/icons/camcorder.png]
[norebro.clbthemes.com/demo14/wp-content/plugins/js_composer/assets/images/icons/camera.png]
[norebro.clbthemes.com/demo14/wp-content/plugins/js_composer/assets/images/icons/chart.png]
[norebro.clbthemes.com/demo14/wp-content/plugins/js_composer/assets/images/icons/chart-pie.png]
[norebro.clbthemes.com/demo14/wp-content/plugins/js_composer/assets/images/icons/clock.png]
[norebro.clbthemes.com/demo14/wp-content/plugins/js_composer/assets/images/icons/control.png]
[norebro.clbthemes.com/demo14/wp-content/plugins/js_composer/assets/images/icons/fire.png]
[norebro.clbthemes.com/demo14/wp-content/plugins/js_composer/assets/images/icons/heart.png]
[norebro.clbthemes.com/demo14/wp-content/plugins/js_composer/assets/images/icons/mail.png]
[norebro.clbthemes.com/demo14/wp-content/plugins/js_composer/assets/images/icons/plus-shield.png]
[norebro.clbthemes.com/demo14/wp-content/plugins/js_composer/assets/images/icons/video.png]
[norebro.clbthemes.com/demo14/wp-content/plugins/js_composer/assets/fonts/vc_icons_v2/fonts/vcpb-plugin-iconsb82a.eot]
[norebro.clbthemes.com/demo14/wp-content/plugins/js_composer/assets/fonts/vc_icons_v2/fonts/vcpb-plugin-iconsb82a.ttf]
[norebro.clbthemes.com/demo14/wp-content/plugins/js_composer/assets/fonts/vc_icons_v2/fonts/vcpb-plugin-iconsb82a.woff]
[norebro.clbthemes.com/demo14/wp-content/plugins/js_composer/assets/images/toggle_open.png]
[norebro.clbthemes.com/demo14/wp-content/plugins/js_composer/assets/images/toggle_close.png]
[norebro.clbthemes.com/demo14/wp-content/plugins/js_composer/assets/images/flickr.png]
[norebro.clbthemes.com/demo14/wp-content/plugins/js_composer/assets/fonts/vc_grid/vc_grid_v157a1.eot]
[norebro.clbthemes.com/demo14/wp-content/plugins/js_composer/assets/fonts/vc_grid/vc_grid_v1d41d.eot]
[norebro.clbthemes.com/demo14/wp-content/plugins/js_composer/assets/fonts/vc_grid/vc_grid_v157a1.woff]
[norebro.clbthemes.com/demo14/wp-content/plugins/js_composer/assets/fonts/vc_grid/vc_grid_v157a1.ttf]
[norebro.clbthemes.com/demo14/wp-content/plugins/js_composer/assets/images/spinner.gif]
[norebro.clbthemes.com/demo14/wp-content/plugins/js_composer/assets/vc/remove.png]
[norebro.clbthemes.com/demo14/wp-content/plugins/js_composer/assets/css/js_composer.min9b2d.css]
[norebro.clbthemes.com/demo14/wp-json/oembed/1.0/embedb0f1.json]
[norebro.clbthemes.com/demo14/barbers/index.html]
[norebro.clbthemes.com/demo14/wp-json/oembed/1.0/embedf2e8]
[norebro.clbthemes.com/demo14/wp-json/oembed/1.0/embedff43.json]
[norebro.clbthemes.com/demo14/wp-json/oembed/1.0/embedfeb6]
[norebro.clbthemes.com/demo14/contact/index.html]
[norebro.clbthemes.com/demo14/wp-login.html]
[norebro.clbthemes.com/demo14/category/business/index.html]
[norebro.clbthemes.com/demo14/2017/09/27/highlights-from-hong-kongs-art-central/index.html]
[norebro.clbthemes.com/demo14/category/business/feed/index.html]
[norebro.clbthemes.com/demo14/2017/09/27/how-to-make-a-blog-using-wordpress/index.html]
[norebro.clbthemes.com/demo14/2017/08/25/barlow-tapped-to-head-new-gmc-prep-art/index.html]
[norebro.clbthemes.com/demo14/2017/09/index.html]
[norebro.clbthemes.com/demo14/wp-json/oembed/1.0/embed299a.json]
[norebro.clbthemes.com/demo14/wp-json/oembed/1.0/embed0b87]
[norebro.clbthemes.com/demo14/wp-includes/js/comment-reply.min9dff.js]
[norebro.clbthemes.com/demo14/2017/08/index.html]
[norebro.clbthemes.com/demo14/2017/09/27/misses-about-bette-davis-joan-crawford/index.html]
[norebro.clbthemes.com/demo14/2017/09/27/misses-about-bette-davis-joan-crawford/feed/index.html]
[norebro.clbthemes.com/demo14/wp-json/oembed/1.0/embedbf3b.json]
[norebro.clbthemes.com/demo14/2017/09/27/misses-about-bette-davis-joan-crawford/index8e42.html]
[norebro.clbthemes.com/demo14/wp-json/oembed/1.0/embed43dd]
[norebro.clbthemes.com/demo14/2017/09/27/new-art-venue-opens-in-downtown-cf/feed/index.html]
[norebro.clbthemes.com/demo14/2017/09/27/new-art-venue-opens-in-downtown-cf/index.html]
[norebro.clbthemes.com/demo14/wp-json/oembed/1.0/embedf8e5.json]
[norebro.clbthemes.com/demo14/2017/09/27/new-art-venue-opens-in-downtown-cf/index21b4.html]
[norebro.clbthemes.com/demo14/2017/09/27/norebro-is-a-creative-wordpress-theme/feed/index.html]
[norebro.clbthemes.com/demo14/wp-json/oembed/1.0/embed73cf]
[norebro.clbthemes.com/demo14/2017/09/27/norebro-is-a-creative-wordpress-theme/index.html]
[norebro.clbthemes.com/demo14/wp-content/themes/norebro/assets/css/aos9dff.css]
[norebro.clbthemes.com/demo14/wp-content/themes/norebro/assets/fonts/ionicons/ionicons28b5.eot]
[norebro.clbthemes.com/demo14/wp-content/themes/norebro/assets/fonts/ionicons/ionicons28b5.ttf]
[norebro.clbthemes.com/demo14/2017/09/27/norebro-is-a-creative-wordpress-theme/index3094.html]
[norebro.clbthemes.com/demo14/wp-content/themes/norebro/assets/fonts/ionicons/ionicons28b5.woff]
[norebro.clbthemes.com/demo14/wp-content/themes/norebro/assets/css/ionicons.min9dff.css]
[norebro.clbthemes.com/demo14/wp-content/themes/norebro/assets/fonts/FontAwesome/fonts/fontawesome-webfont3e6e.eot]
[norebro.clbthemes.com/demo14/wp-content/themes/norebro/assets/fonts/FontAwesome/fonts/fontawesome-webfontd41d.eot]
[norebro.clbthemes.com/demo14/wp-content/themes/norebro/assets/fonts/FontAwesome/fonts/fontawesome-webfont3e6e.woff]
[norebro.clbthemes.com/demo14/wp-content/themes/norebro/assets/fonts/FontAwesome/fonts/fontawesome-webfont3e6e.ttf]
[norebro.clbthemes.com/demo14/wp-content/themes/norebro/assets/fonts/FontAwesome/style9dff.css]
[norebro.clbthemes.com/demo14/wp-content/themes/norebro/images/bg-full.html]
[norebro.clbthemes.com/demo14/wp-content/plugins/js_composer/assets/fonts/vc_icons_v2/fonts/vcpb-plugin-iconsb82a.svg]
[norebro.clbthemes.com/demo14/wp-content/plugins/js_composer/assets/vc/blur.svg]
[norebro.clbthemes.com/demo14/wp-content/plugins/js_composer/assets/fonts/vc_grid/vc_grid_v157a1.svg]
[norebro.clbthemes.com/demo14/indexc2c3.html]
[norebro.clbthemes.com/demo14/index839e.html]
[norebro.clbthemes.com/demo14/wp-json/oembed/1.0/embede54e.json]
[norebro.clbthemes.com/demo14/2017/09/27/highlights-from-hong-kongs-art-central/feed/index.html]
[norebro.clbthemes.com/demo14/wp-json/oembed/1.0/embede686]
[norebro.clbthemes.com/demo14/2017/09/27/highlights-from-hong-kongs-art-central/index.html]
[norebro.clbthemes.com/demo14/wp-json/oembed/1.0/embed2a7f.json]
[norebro.clbthemes.com/demo14/wp-json/oembed/1.0/embedab66]
[norebro.clbthemes.com/demo14/2017/09/27/how-to-make-a-blog-using-wordpress/index.html]
[norebro.clbthemes.com/demo14/2017/09/27/how-to-make-a-blog-using-wordpress/feed/index.html]
[norebro.clbthemes.com/demo14/wp-json/oembed/1.0/embed3dfb.json]
[norebro.clbthemes.com/demo14/wp-json/oembed/1.0/embed5235]
[norebro.clbthemes.com/demo14/2017/08/25/barlow-tapped-to-head-new-gmc-prep-art/feed/index.html]
[norebro.clbthemes.com/demo14/2017/08/25/barlow-tapped-to-head-new-gmc-prep-art/index.html]
[norebro.clbthemes.com/demo14/2017/09/index.html]
[norebro.clbthemes.com/demo14/2017/08/index.html]
[norebro.clbthemes.com/demo14/wp-loginc2b6.html]
[norebro.clbthemes.com/demo14/wp-includes/js/zxcvbn-async.min5152.js]
[norebro.clbthemes.com/demo14/wp-admin/js/password-strength-meter.min9dff.js]
[norebro.clbthemes.com/demo14/wp-includes/js/wp-util.min9dff.js]
[norebro.clbthemes.com/demo14/wp-admin/js/user-profile.min9dff.js]
[norebro.clbthemes.com/demo14/wp-login.html]
[norebro.clbthemes.com/demo14/index2e2d.html]
[norebro.clbthemes.com/demo14/2017/09/27/misses-about-bette-davis-joan-crawford/index8e42.html]
[norebro.clbthemes.com/demo14/index9ffc.html]
[norebro.clbthemes.com/demo14/2017/09/27/new-art-venue-opens-in-downtown-cf/index21b4.html]
[norebro.clbthemes.com/demo14/index16b9.html]
[norebro.clbthemes.com/demo14/2017/09/27/norebro-is-a-creative-wordpress-theme/index3094.html]
[norebro.clbthemes.com/demo14/wp-content/themes/norebro/assets/fonts/ionicons/ionicons28b5.svg]
[norebro.clbthemes.com/demo14/wp-content/themes/norebro/assets/fonts/FontAwesome/fonts/fontawesome-webfont3e6e.html]
[norebro.clbthemes.com/demo14/wp-content/themes/norebro/assets/fonts/FontAwesome/fonts/fontawesome-webfont3e6e.svg]
[norebro.clbthemes.com/demo14/indexf152.html]
[norebro.clbthemes.com/demo14/indexa3d1.html]
[norebro.clbthemes.com/demo14/indexcff1.html]
[norebro.clbthemes.com/demo14/wp-includes/fonts/dashicons2ce6.eot]
[norebro.clbthemes.com/demo14/wp-includes/fonts/dashicons2ce6.ttf]
[norebro.clbthemes.com/demo14/wp-includes/css/dashicons.min9dff.css]
[norebro.clbthemes.com/demo14/wp-includes/css/buttons.min9dff.css]
[norebro.clbthemes.com/demo14/wp-admin/images/loading.gif]
[norebro.clbthemes.com/demo14/wp-admin/css/forms.min9dff.css]
[norebro.clbthemes.com/demo14/wp-admin/css/l10n.min9dff.css]
[norebro.clbthemes.com/demo14/wp-admin/images/w-logo-blue7a53.png]
[norebro.clbthemes.com/demo14/wp-admin/css/login.min9dff.css]
[norebro.clbthemes.com/demo14/wp-loginc2b6.html]
[norebro.clbthemes.com/demo14/wp-admin/images/wordpress-logo7d6b.svg]
